MO Test NULL "C:\Users\Lenovo\Desktop\SEM VI\DD\CP\Code\Digital_Comparator\DC_Algorithm3/Test.tfw" vlg14/_test.bin 1683346116
MO glbl NULL C:/Xilinx/verilog/src/glbl.v vlg2D/glbl.bin 1682456483
MO Algorithm3 NULL "C:\Users\Lenovo\Desktop\SEM VI\DD\CP\Code\Digital_Comparator\DC_Algorithm3/Algorithm3.v" vlg26/_algorithm3.bin 1682457184
