MO Test NULL "C:\Users\Lenovo\Desktop\SEM VI\DD\CP\Code\Digital_Comparator\DC_Algorithm4/Test.tfw" vlg14/_test.bin 1683308069
MO CompareInputs NULL "C:\Users\Lenovo\Desktop\SEM VI\DD\CP\Code\Digital_Comparator\DC_Algorithm4/Algorithm4.v" vlg12/_compare_inputs.bin 1683311442
MO glbl NULL C:/Xilinx/verilog/src/glbl.v vlg2D/glbl.bin 1683308059
