--------------------------------------------------------------------------------
Release 8.1i Trace I.24
Copyright (c) 1995-2005 Xilinx, Inc.  All rights reserved.

C:\Xilinx\bin\nt\trce.exe -ise DC_Algorithm1.ise -intstyle ise -e 3 -l 3 -s 5
-xml Algorithm1 Algorithm1.ncd -o Algorithm1.twr Algorithm1.pcf


Design file:              algorithm1.ncd
Physical constraint file: algorithm1.pcf
Device,speed:             xc3s200,-5 (PRODUCTION 1.37 2005-11-04)
Report level:             error report

Environment Variable      Effect 
--------------------      ------ 
NONE                      No environment variables were set
--------------------------------------------------------------------------------

INFO:Timing:2698 - No timing constraints found, doing default enumeration.
INFO:Timing:2752 - To get complete path coverage, use the unconstrained paths
   option. All paths that are not constrained will be reported in the
   unconstrained paths section(s) of the report.


Data Sheet report:
-----------------
All values displayed in nanoseconds (ns)

Setup/Hold to clock a<0>
------------+------------+------------+------------------+--------+
            |  Setup to  |  Hold to   |                  |  Clock |
Source      | clk (edge) | clk (edge) |Internal Clock(s) |  Phase |
------------+------------+------------+------------------+--------+
b<0>        |    4.081(F)|    1.596(F)|N88               |   0.000|
b<1>        |    4.002(F)|    1.452(F)|N88               |   0.000|
b<2>        |    2.599(F)|    1.784(F)|N88               |   0.000|
b<3>        |    2.707(F)|    2.304(F)|N88               |   0.000|
d<0>        |    2.947(F)|    3.446(F)|N88               |   0.000|
d<1>        |    2.835(F)|    2.561(F)|N88               |   0.000|
d<2>        |    2.530(F)|    2.607(F)|N88               |   0.000|
d<3>        |    1.443(F)|    2.980(F)|N88               |   0.000|
------------+------------+------------+------------------+--------+

Setup/Hold to clock a<1>
------------+------------+------------+------------------+--------+
            |  Setup to  |  Hold to   |                  |  Clock |
Source      | clk (edge) | clk (edge) |Internal Clock(s) |  Phase |
------------+------------+------------+------------------+--------+
b<0>        |    4.307(F)|    1.314(F)|N88               |   0.000|
b<1>        |    4.228(F)|    1.170(F)|N88               |   0.000|
b<2>        |    2.825(F)|    1.502(F)|N88               |   0.000|
b<3>        |    2.933(F)|    2.022(F)|N88               |   0.000|
d<0>        |    3.173(F)|    3.164(F)|N88               |   0.000|
d<1>        |    3.061(F)|    2.279(F)|N88               |   0.000|
d<2>        |    2.756(F)|    2.325(F)|N88               |   0.000|
d<3>        |    1.669(F)|    2.698(F)|N88               |   0.000|
------------+------------+------------+------------------+--------+

Setup/Hold to clock a<2>
------------+------------+------------+------------------+--------+
            |  Setup to  |  Hold to   |                  |  Clock |
Source      | clk (edge) | clk (edge) |Internal Clock(s) |  Phase |
------------+------------+------------+------------------+--------+
b<0>        |    4.429(F)|    1.161(F)|N88               |   0.000|
b<1>        |    4.350(F)|    1.017(F)|N88               |   0.000|
b<2>        |    2.947(F)|    1.349(F)|N88               |   0.000|
b<3>        |    3.055(F)|    1.869(F)|N88               |   0.000|
d<0>        |    3.295(F)|    3.011(F)|N88               |   0.000|
d<1>        |    3.183(F)|    2.126(F)|N88               |   0.000|
d<2>        |    2.878(F)|    2.172(F)|N88               |   0.000|
d<3>        |    1.791(F)|    2.545(F)|N88               |   0.000|
------------+------------+------------+------------------+--------+

Setup/Hold to clock a<3>
------------+------------+------------+------------------+--------+
            |  Setup to  |  Hold to   |                  |  Clock |
Source      | clk (edge) | clk (edge) |Internal Clock(s) |  Phase |
------------+------------+------------+------------------+--------+
b<0>        |    3.600(F)|    2.197(F)|N88               |   0.000|
b<1>        |    3.521(F)|    2.053(F)|N88               |   0.000|
b<2>        |    2.118(F)|    2.385(F)|N88               |   0.000|
b<3>        |    2.226(F)|    2.905(F)|N88               |   0.000|
d<0>        |    2.466(F)|    4.047(F)|N88               |   0.000|
d<1>        |    2.354(F)|    3.162(F)|N88               |   0.000|
d<2>        |    2.049(F)|    3.208(F)|N88               |   0.000|
d<3>        |    0.962(F)|    3.581(F)|N88               |   0.000|
------------+------------+------------+------------------+--------+

Setup/Hold to clock c<0>
------------+------------+------------+------------------+--------+
            |  Setup to  |  Hold to   |                  |  Clock |
Source      | clk (edge) | clk (edge) |Internal Clock(s) |  Phase |
------------+------------+------------+------------------+--------+
b<0>        |    3.703(F)|    2.069(F)|N88               |   0.000|
b<1>        |    3.624(F)|    1.925(F)|N88               |   0.000|
b<2>        |    2.221(F)|    2.257(F)|N88               |   0.000|
b<3>        |    2.329(F)|    2.777(F)|N88               |   0.000|
d<0>        |    2.569(F)|    3.919(F)|N88               |   0.000|
d<1>        |    2.457(F)|    3.034(F)|N88               |   0.000|
d<2>        |    2.152(F)|    3.080(F)|N88               |   0.000|
d<3>        |    1.065(F)|    3.453(F)|N88               |   0.000|
------------+------------+------------+------------------+--------+

Setup/Hold to clock c<1>
------------+------------+------------+------------------+--------+
            |  Setup to  |  Hold to   |                  |  Clock |
Source      | clk (edge) | clk (edge) |Internal Clock(s) |  Phase |
------------+------------+------------+------------------+--------+
b<0>        |    3.892(F)|    1.833(F)|N88               |   0.000|
b<1>        |    3.813(F)|    1.689(F)|N88               |   0.000|
b<2>        |    2.410(F)|    2.021(F)|N88               |   0.000|
b<3>        |    2.518(F)|    2.541(F)|N88               |   0.000|
d<0>        |    2.758(F)|    3.683(F)|N88               |   0.000|
d<1>        |    2.646(F)|    2.798(F)|N88               |   0.000|
d<2>        |    2.341(F)|    2.844(F)|N88               |   0.000|
d<3>        |    1.254(F)|    3.217(F)|N88               |   0.000|
------------+------------+------------+------------------+--------+

Setup/Hold to clock c<2>
------------+------------+------------+------------------+--------+
            |  Setup to  |  Hold to   |                  |  Clock |
Source      | clk (edge) | clk (edge) |Internal Clock(s) |  Phase |
------------+------------+------------+------------------+--------+
b<0>        |    4.161(F)|    1.496(F)|N88               |   0.000|
b<1>        |    4.082(F)|    1.352(F)|N88               |   0.000|
b<2>        |    2.679(F)|    1.684(F)|N88               |   0.000|
b<3>        |    2.787(F)|    2.204(F)|N88               |   0.000|
d<0>        |    3.027(F)|    3.346(F)|N88               |   0.000|
d<1>        |    2.915(F)|    2.461(F)|N88               |   0.000|
d<2>        |    2.610(F)|    2.507(F)|N88               |   0.000|
d<3>        |    1.523(F)|    2.880(F)|N88               |   0.000|
------------+------------+------------+------------------+--------+

Setup/Hold to clock c<3>
------------+------------+------------+------------------+--------+
            |  Setup to  |  Hold to   |                  |  Clock |
Source      | clk (edge) | clk (edge) |Internal Clock(s) |  Phase |
------------+------------+------------+------------------+--------+
b<0>        |    4.642(F)|    0.895(F)|N88               |   0.000|
b<1>        |    4.563(F)|    0.751(F)|N88               |   0.000|
b<2>        |    3.160(F)|    1.083(F)|N88               |   0.000|
b<3>        |    3.268(F)|    1.603(F)|N88               |   0.000|
d<0>        |    3.508(F)|    2.745(F)|N88               |   0.000|
d<1>        |    3.396(F)|    1.860(F)|N88               |   0.000|
d<2>        |    3.091(F)|    1.906(F)|N88               |   0.000|
d<3>        |    2.004(F)|    2.279(F)|N88               |   0.000|
------------+------------+------------+------------------+--------+

Clock a<0> to Pad
------------+------------+------------------+--------+
            | clk (edge) |                  |  Clock |
Destination | to PAD     |Internal Clock(s) |  Phase |
------------+------------+------------------+--------+
agt         |   13.687(F)|N88               |   0.000|
bgt         |   14.242(F)|N88               |   0.000|
cgt         |   14.798(F)|N88               |   0.000|
dgt         |   13.368(F)|N88               |   0.000|
------------+------------+------------------+--------+

Clock a<1> to Pad
------------+------------+------------------+--------+
            | clk (edge) |                  |  Clock |
Destination | to PAD     |Internal Clock(s) |  Phase |
------------+------------+------------------+--------+
agt         |   13.405(F)|N88               |   0.000|
bgt         |   13.960(F)|N88               |   0.000|
cgt         |   14.516(F)|N88               |   0.000|
dgt         |   13.086(F)|N88               |   0.000|
------------+------------+------------------+--------+

Clock a<2> to Pad
------------+------------+------------------+--------+
            | clk (edge) |                  |  Clock |
Destination | to PAD     |Internal Clock(s) |  Phase |
------------+------------+------------------+--------+
agt         |   13.252(F)|N88               |   0.000|
bgt         |   13.807(F)|N88               |   0.000|
cgt         |   14.363(F)|N88               |   0.000|
dgt         |   12.933(F)|N88               |   0.000|
------------+------------+------------------+--------+

Clock a<3> to Pad
------------+------------+------------------+--------+
            | clk (edge) |                  |  Clock |
Destination | to PAD     |Internal Clock(s) |  Phase |
------------+------------+------------------+--------+
agt         |   14.288(F)|N88               |   0.000|
bgt         |   14.843(F)|N88               |   0.000|
cgt         |   15.399(F)|N88               |   0.000|
dgt         |   13.969(F)|N88               |   0.000|
------------+------------+------------------+--------+

Clock c<0> to Pad
------------+------------+------------------+--------+
            | clk (edge) |                  |  Clock |
Destination | to PAD     |Internal Clock(s) |  Phase |
------------+------------+------------------+--------+
agt         |   14.160(F)|N88               |   0.000|
bgt         |   14.715(F)|N88               |   0.000|
cgt         |   15.271(F)|N88               |   0.000|
dgt         |   13.841(F)|N88               |   0.000|
------------+------------+------------------+--------+

Clock c<1> to Pad
------------+------------+------------------+--------+
            | clk (edge) |                  |  Clock |
Destination | to PAD     |Internal Clock(s) |  Phase |
------------+------------+------------------+--------+
agt         |   13.924(F)|N88               |   0.000|
bgt         |   14.479(F)|N88               |   0.000|
cgt         |   15.035(F)|N88               |   0.000|
dgt         |   13.605(F)|N88               |   0.000|
------------+------------+------------------+--------+

Clock c<2> to Pad
------------+------------+------------------+--------+
            | clk (edge) |                  |  Clock |
Destination | to PAD     |Internal Clock(s) |  Phase |
------------+------------+------------------+--------+
agt         |   13.587(F)|N88               |   0.000|
bgt         |   14.142(F)|N88               |   0.000|
cgt         |   14.698(F)|N88               |   0.000|
dgt         |   13.268(F)|N88               |   0.000|
------------+------------+------------------+--------+

Clock c<3> to Pad
------------+------------+------------------+--------+
            | clk (edge) |                  |  Clock |
Destination | to PAD     |Internal Clock(s) |  Phase |
------------+------------+------------------+--------+
agt         |   12.986(F)|N88               |   0.000|
bgt         |   13.541(F)|N88               |   0.000|
cgt         |   14.097(F)|N88               |   0.000|
dgt         |   12.667(F)|N88               |   0.000|
------------+------------+------------------+--------+

Clock to Setup on destination clock a<0>
---------------+---------+---------+---------+---------+
               | Src:Rise| Src:Fall| Src:Rise| Src:Fall|
Source Clock   |Dest:Rise|Dest:Rise|Dest:Fall|Dest:Fall|
---------------+---------+---------+---------+---------+
a<0>           |         |         |    2.798|    2.798|
a<1>           |         |         |    2.685|    2.685|
a<2>           |         |         |    2.233|    2.233|
a<3>           |         |         |    1.305|    1.305|
c<0>           |         |         |    3.531|    3.531|
c<1>           |         |         |    3.260|    3.260|
c<2>           |         |         |    3.543|    3.543|
c<3>           |         |         |    2.636|    2.636|
---------------+---------+---------+---------+---------+

Clock to Setup on destination clock a<1>
---------------+---------+---------+---------+---------+
               | Src:Rise| Src:Fall| Src:Rise| Src:Fall|
Source Clock   |Dest:Rise|Dest:Rise|Dest:Fall|Dest:Fall|
---------------+---------+---------+---------+---------+
a<0>           |         |         |    3.024|    3.024|
a<1>           |         |         |    2.911|    2.911|
a<2>           |         |         |    2.459|    2.459|
a<3>           |         |         |    1.531|    1.531|
c<0>           |         |         |    3.757|    3.757|
c<1>           |         |         |    3.486|    3.486|
c<2>           |         |         |    3.769|    3.769|
c<3>           |         |         |    2.862|    2.862|
---------------+---------+---------+---------+---------+

Clock to Setup on destination clock a<2>
---------------+---------+---------+---------+---------+
               | Src:Rise| Src:Fall| Src:Rise| Src:Fall|
Source Clock   |Dest:Rise|Dest:Rise|Dest:Fall|Dest:Fall|
---------------+---------+---------+---------+---------+
a<0>           |         |         |    3.146|    3.146|
a<1>           |         |         |    3.033|    3.033|
a<2>           |         |         |    2.581|    2.581|
a<3>           |         |         |    1.653|    1.653|
c<0>           |         |         |    3.879|    3.879|
c<1>           |         |         |    3.608|    3.608|
c<2>           |         |         |    3.891|    3.891|
c<3>           |         |         |    2.984|    2.984|
---------------+---------+---------+---------+---------+

Clock to Setup on destination clock a<3>
---------------+---------+---------+---------+---------+
               | Src:Rise| Src:Fall| Src:Rise| Src:Fall|
Source Clock   |Dest:Rise|Dest:Rise|Dest:Fall|Dest:Fall|
---------------+---------+---------+---------+---------+
a<0>           |         |         |    2.317|    2.317|
a<1>           |         |         |    2.204|    2.204|
a<2>           |         |         |    1.752|    1.752|
a<3>           |         |         |    0.824|    0.824|
c<0>           |         |         |    3.050|    3.050|
c<1>           |         |         |    2.779|    2.779|
c<2>           |         |         |    3.062|    3.062|
c<3>           |         |         |    2.155|    2.155|
---------------+---------+---------+---------+---------+

Clock to Setup on destination clock c<0>
---------------+---------+---------+---------+---------+
               | Src:Rise| Src:Fall| Src:Rise| Src:Fall|
Source Clock   |Dest:Rise|Dest:Rise|Dest:Fall|Dest:Fall|
---------------+---------+---------+---------+---------+
a<0>           |         |         |    2.420|    2.420|
a<1>           |         |         |    2.307|    2.307|
a<2>           |         |         |    1.855|    1.855|
a<3>           |         |         |    0.927|    0.927|
c<0>           |         |         |    3.153|    3.153|
c<1>           |         |         |    2.882|    2.882|
c<2>           |         |         |    3.165|    3.165|
c<3>           |         |         |    2.258|    2.258|
---------------+---------+---------+---------+---------+

Clock to Setup on destination clock c<1>
---------------+---------+---------+---------+---------+
               | Src:Rise| Src:Fall| Src:Rise| Src:Fall|
Source Clock   |Dest:Rise|Dest:Rise|Dest:Fall|Dest:Fall|
---------------+---------+---------+---------+---------+
a<0>           |         |         |    2.609|    2.609|
a<1>           |         |         |    2.496|    2.496|
a<2>           |         |         |    2.044|    2.044|
a<3>           |         |         |    1.116|    1.116|
c<0>           |         |         |    3.342|    3.342|
c<1>           |         |         |    3.071|    3.071|
c<2>           |         |         |    3.354|    3.354|
c<3>           |         |         |    2.447|    2.447|
---------------+---------+---------+---------+---------+

Clock to Setup on destination clock c<2>
---------------+---------+---------+---------+---------+
               | Src:Rise| Src:Fall| Src:Rise| Src:Fall|
Source Clock   |Dest:Rise|Dest:Rise|Dest:Fall|Dest:Fall|
---------------+---------+---------+---------+---------+
a<0>           |         |         |    2.878|    2.878|
a<1>           |         |         |    2.765|    2.765|
a<2>           |         |         |    2.313|    2.313|
a<3>           |         |         |    1.385|    1.385|
c<0>           |         |         |    3.611|    3.611|
c<1>           |         |         |    3.340|    3.340|
c<2>           |         |         |    3.623|    3.623|
c<3>           |         |         |    2.716|    2.716|
---------------+---------+---------+---------+---------+

Clock to Setup on destination clock c<3>
---------------+---------+---------+---------+---------+
               | Src:Rise| Src:Fall| Src:Rise| Src:Fall|
Source Clock   |Dest:Rise|Dest:Rise|Dest:Fall|Dest:Fall|
---------------+---------+---------+---------+---------+
a<0>           |         |         |    3.359|    3.359|
a<1>           |         |         |    3.246|    3.246|
a<2>           |         |         |    2.794|    2.794|
a<3>           |         |         |    1.866|    1.866|
c<0>           |         |         |    4.092|    4.092|
c<1>           |         |         |    3.821|    3.821|
c<2>           |         |         |    4.104|    4.104|
c<3>           |         |         |    3.197|    3.197|
---------------+---------+---------+---------+---------+

Pad to Pad
---------------+---------------+---------+
Source Pad     |Destination Pad|  Delay  |
---------------+---------------+---------+
a<0>           |agt            |   14.661|
a<0>           |bgt            |   15.216|
a<0>           |cgt            |   15.944|
a<0>           |dgt            |   14.342|
a<1>           |agt            |   13.709|
a<1>           |bgt            |   14.264|
a<1>           |cgt            |   14.992|
a<1>           |dgt            |   13.390|
a<2>           |agt            |   13.007|
a<2>           |bgt            |   13.600|
a<2>           |cgt            |   14.290|
a<2>           |dgt            |   12.760|
a<3>           |agt            |   13.168|
a<3>           |bgt            |   13.723|
a<3>           |cgt            |   14.451|
a<3>           |dgt            |   12.849|
b<0>           |agt            |   15.835|
b<0>           |bgt            |   16.390|
b<0>           |cgt            |   16.946|
b<0>           |dgt            |   15.516|
b<1>           |agt            |   15.505|
b<1>           |bgt            |   16.060|
b<1>           |cgt            |   16.616|
b<1>           |dgt            |   15.186|
b<2>           |agt            |   14.353|
b<2>           |bgt            |   14.908|
b<2>           |cgt            |   15.464|
b<2>           |dgt            |   14.034|
b<3>           |agt            |   14.461|
b<3>           |bgt            |   15.016|
b<3>           |cgt            |   15.572|
b<3>           |dgt            |   14.142|
c<0>           |agt            |   15.285|
c<0>           |bgt            |   15.840|
c<0>           |cgt            |   16.396|
c<0>           |dgt            |   14.966|
c<1>           |agt            |   15.014|
c<1>           |bgt            |   15.569|
c<1>           |cgt            |   16.125|
c<1>           |dgt            |   14.695|
c<2>           |agt            |   15.297|
c<2>           |bgt            |   15.852|
c<2>           |cgt            |   16.408|
c<2>           |dgt            |   14.978|
c<3>           |agt            |   14.390|
c<3>           |bgt            |   14.945|
c<3>           |cgt            |   15.501|
c<3>           |dgt            |   14.071|
d<0>           |agt            |   14.701|
d<0>           |bgt            |   15.256|
d<0>           |cgt            |   15.812|
d<0>           |dgt            |   14.382|
d<1>           |agt            |   14.589|
d<1>           |bgt            |   15.144|
d<1>           |cgt            |   15.700|
d<1>           |dgt            |   14.270|
d<2>           |agt            |   14.284|
d<2>           |bgt            |   14.839|
d<2>           |cgt            |   15.395|
d<2>           |dgt            |   13.965|
d<3>           |agt            |   13.197|
d<3>           |bgt            |   13.752|
d<3>           |cgt            |   14.308|
d<3>           |dgt            |   12.878|
---------------+---------------+---------+

Analysis completed Thu May 18 13:09:30 2023
--------------------------------------------------------------------------------



Peak Memory Usage: 167 MB
