MO Test NULL "C:\Users\Lenovo\Desktop\SEM VI\DD\CP\Code\Digital_Comparator\DC_Algorithm1/Test.tfw" vlg14/_test.bin 1683322932
MO glbl NULL C:/Xilinx/verilog/src/glbl.v vlg2D/glbl.bin 1683322920
MO Algorithm1 NULL "C:\Users\Lenovo\Desktop\SEM VI\DD\CP\Code\Digital_Comparator\DC_Algorithm1/Algorithm1.v" vlg24/_algorithm1.bin 1683624705
